<div style='display: none'>
  Date: 2022-01-16 09:45:34
  LastEditors: gyg
  LastEditTime: 2022-01-16 11:52:05
  FilePath: \test\1_16@磁盘阵列.mm.md
</div>

# 磁盘阵列

RAID redundant array of independent disks

独立硬盘冗余阵列

高效的数据组织和条带化的并行访问

## raid分类
软raid 

## RAID 数据组织的形式
**条带:** 硬盘中单个或多个连续的扇区，是一块硬盘进行一次数据读写的最小单元
**分条:** 同一个硬盘的阵列中，有多个硬盘驱动器上相同编号的条带

## RAID 的数据保护方式

1. 在另外一块冗余的硬盘上保存副本
2. 奇偶检验算法

## RAID 常用级别

- raid 0 用在UI数据安全要求不高，廉价
- raid 1 主要通过二次读写，实现镜像
- raid 3
- raid 5 每个硬盘
- raid 6

### 多raid

- raid 10
- raid 50

## RAID 两种备份方法

1. 热备份
2. 重构

## RAID 状态

1. 创建raid 
2. 创建成功 raid 工作
3. 发生故障 

## RAID 实验

>通过linux服务器 

```bash
[root@client ~]# lsblk
NAME          MAJ:MIN RM  SIZE RO TYPE MOUNTPOINT
sr0            11:0    1  6.6G  0 rom  /run/media/root/RHEL-8-0-0-BaseOS-x86_64
nvme0n1       259:0    0   50G  0 disk 
├─nvme0n1p1   259:1    0    1G  0 part /boot
└─nvme0n1p2   259:2    0   49G  0 part 
  ├─rhel-root 253:0    0   47G  0 lvm  /
  └─rhel-swap 253:1    0    2G  0 lvm  [SWAP]
nvme0n2       259:3    0   20G  0 disk 
nvme0n3       259:4    0   20G  0 disk 
nvme0n4       259:5    0   20G  0 disk 
nvme0n5       259:6    0   20G  0 disk 
```

mdadm 命令



```bash
[root@client ~]# mdadm -Cv /dev/md0 -a yes -n 4 -l 10 /dev/nvme0n2 /dev/nvme0n3 /dev/nvme0n4 /dev/nvme0n5
mdadm: layout defaults to n2
mdadm: layout defaults to n2
mdadm: chunk size defaults to 512K
mdadm: size set to 20954112K
mdadm: Defaulting to version 1.2 metadata
mdadm: array /dev/md0 started.
```

```bash
[root@client ~]# lsblk
NAME          MAJ:MIN RM  SIZE RO TYPE MOUNTPOINT
sr0            11:0    1  6.6G  0 rom  /run/media/root/RHEL-8-0-0-BaseOS-x86_64
nvme0n1       259:0    0   50G  0 disk 
├─nvme0n1p1   259:1    0    1G  0 part /boot
└─nvme0n1p2   259:2    0   49G  0 part 
  ├─rhel-root 253:0    0   47G  0 lvm  /
  └─rhel-swap 253:1    0    2G  0 lvm  [SWAP]
nvme0n2       259:3    0   20G  0 disk 
nvme0n3       259:4    0   20G  0 disk 
nvme0n4       259:5    0   20G  0 disk 
nvme0n5       259:6    0   20G  0 disk 
[root@client ~]# ^C
[root@client ~]# mdadm -Cv /dev/md0 -a yes -n 4 -l 10 /dev/nvme0n2 /dev/nvme0n3 /dev/ncme0n4 /dev/nvme0n5
mdadm: layout defaults to n2
mdadm: layout defaults to n2
mdadm: chunk size defaults to 512K
mdadm: cannot open /dev/ncme0n4: No such file or directory
[root@client ~]# mdadm -Cv /dev/md0 -a yes -n 4 -l 10 /dev/nvme0n2 /dev/nvme0n3 /dev/nvme0n4 /dev/nvme0n5
mdadm: layout defaults to n2
mdadm: layout defaults to n2
mdadm: chunk size defaults to 512K
mdadm: size set to 20954112K
mdadm: Defaulting to version 1.2 metadata
mdadm: array /dev/md0 started.
[root@client ~]# lsblk
NAME          MAJ:MIN RM  SIZE RO TYPE   MOUNTPOINT
sr0            11:0    1  6.6G  0 rom    /run/media/root/RHEL-8-0-0-BaseOS-x86_64
nvme0n1       259:0    0   50G  0 disk   
├─nvme0n1p1   259:1    0    1G  0 part   /boot
└─nvme0n1p2   259:2    0   49G  0 part   
  ├─rhel-root 253:0    0   47G  0 lvm    /
  └─rhel-swap 253:1    0    2G  0 lvm    [SWAP]
nvme0n2       259:3    0   20G  0 disk   
└─md0           9:0    0   40G  0 raid10 
nvme0n3       259:4    0   20G  0 disk   
└─md0           9:0    0   40G  0 raid10 
nvme0n4       259:5    0   20G  0 disk   
└─md0           9:0    0   40G  0 raid10 
nvme0n5       259:6    0   20G  0 disk   
└─md0           9:0    0   40G  0 raid10 
[root@client ~]# mkfs.
mkfs.cramfs  mkfs.ext3    mkfs.fat     mkfs.msdos   mkfs.xfs     
mkfs.ext2    mkfs.ext4    mkfs.minix   mkfs.vfat    
[root@client ~]# mkfs.ext4 /dev/md0
mke2fs 1.44.3 (10-July-2018)
Creating filesystem with 10477056 4k blocks and 2621440 inodes
Filesystem UUID: a911d5ac-fe52-4937-8876-068ca461b189
Superblock backups stored on blocks: 
	32768, 98304, 163840, 229376, 294912, 819200, 884736, 1605632, 2654208, 
	4096000, 7962624

Allocating group tables: done                            
Writing inode tables: done                            
Creating journal (65536 blocks): done
Writing superblocks and filesystem accounting information: done   
```

```bash
[root@client ~]# mkdir /RAID
[root@client ~]# mount /dev/md0  /RAID
[root@client ~]# df -h
Filesystem             Size  Used Avail Use% Mounted on
devtmpfs               1.9G     0  1.9G   0% /dev
tmpfs                  1.9G     0  1.9G   0% /dev/shm
tmpfs                  1.9G   18M  1.9G   1% /run
tmpfs                  1.9G     0  1.9G   0% /sys/fs/cgroup
/dev/mapper/rhel-root   47G  4.3G   43G   9% /
/dev/nvme0n1p1        1014M  169M  846M  17% /boot
tmpfs                  376M   16K  376M   1% /run/user/42
tmpfs                  376M  2.3M  374M   1% /run/user/0
/dev/sr0               6.7G  6.7G     0 100% /run/media/root/RHEL-8-0-0-BaseOS-x86_64
/dev/md0                40G   49M   38G   1% /RAID
```
```bash
[root@client /]# mdadm -D /dev/md0
/dev/md0:
           Version : 1.2
     Creation Time : Sun Jan 16 08:41:38 2022
        Raid Level : raid10
        Array Size : 41908224 (39.97 GiB 42.91 GB)
     Used Dev Size : 20954112 (19.98 GiB 21.46 GB)
      Raid Devices : 4
     Total Devices : 4
       Persistence : Superblock is persistent

       Update Time : Sun Jan 16 08:47:04 2022
             State : clean 
    Active Devices : 4
   Working Devices : 4
    Failed Devices : 0
     Spare Devices : 0

            Layout : near=2
        Chunk Size : 512K

Consistency Policy : resync

              Name : client:0  (local to host client)
              UUID : 1d71a341:0def5da9:e267830b:1a8d3b58
            Events : 19

    Number   Major   Minor   RaidDevice State
       0     259        3        0      active sync set-A   /dev/nvme0n2
       1     259        4        1      active sync set-B   /dev/nvme0n3
       2     259        5        2      active sync set-A   /dev/nvme0n4
       3     259        6        3      active sync set-B   /dev/nvme0n5
```

```bash
[root@client /]# vim /etc/fstab 
```

```bash
/dev/mapper/rhel-root   /                       xfs     defaults        0 0
UUID=0e9a3bec-a90b-438c-8ce9-43a9c492fb69 /boot                   xfs     defaults        0 0
/dev/mapper/rhel-swap   swap                    swap    defaults        0 0
/dev/md0                /RAID                   ext4    defaults        0 0     
~                                                                              
```

```bash
[root@client /]# mount -a
```