<div style='display: none'>
  Date: 2022-01-16 14:11:31
  LastEditors: gyg
  LastEditTime: 2022-01-16 15:22:33
  FilePath: \test\1_16@磁盘管理.mm.md
</div>

# 磁盘管理

## 分区

>将磁盘划分为多个逻辑上的存储单元，这些单元称之为分区，对不同的分区，执行不同的功能

为了让系统能够识别和管理物理设备上的不同分区，需要在物理设备前加上一些数据用于记录分区的情况，这些数据就是**分区表数据**，目前分区表有两种主流的格式：

### MBR

分区类型：主分区、扩展分区、 逻辑分区

限制：最多只有四个主分区，而且硬盘最大是2TB

•管理的硬盘大小不能超过2T

    •有主分区和扩展分区两种，不管是哪种分区，总数不能超过4个分区
    •扩展分区内部可以逻辑上划分多个区域，但是在分区表中都算在一个分区内
   •如果作为系统盘，必须要设置一个激活分区，用于存放系统的引导文件

2.2.2 GPT
•提供使用全局唯一的GUID来识别磁盘和分区

    •提供分区表备份功能，主GPT位于磁盘头部，备份GPT位于磁盘尾部



限制：最多128个分区 磁盘最大8ZIB

2.2 分区工具
（1）fdisk（适合MBR）

（2）gdisk （适合GPT）

（3）parted （全适合）

2.3 分区实验
2.3.1 实验一 使用parted 来做磁盘分区
首先从VMWare加入一块nvme的硬盘到虚拟机上

 #首先查看增加的这块硬盘的名称
p[root@wentan ~]# lsblk 
NAME          MAJ:MIN RM  SIZE RO TYPE MOUNTPOINT
sr0            11:0    1  6.6G  0 rom  /run/media/wentan/RHEL-8-0-0-BaseOS-x86_64
nvme0n1       259:0    0   25G  0 disk 
├─nvme0n1p1   259:1    0    1G  0 part /boot
└─nvme0n1p2   259:2    0   24G  0 part 
  ├─rhel-root 253:0    0   22G  0 lvm  /
  └─rhel-swap 253:1    0    2G  0 lvm  [SWAP]
nvme0n2       259:3    0   20G  0 disk 
#通过命令查看，硬盘已经存在 名字叫nvme0n2
#注意磁盘的位置在/dev/目录下

#使用分区工具parted
[root@wentan ~]# parted /dev/nvme0n2
GNU Parted 3.2
Using /dev/nvme0n2
Welcome to GNU Parted! Type 'help' to view a list of commands.
(parted) help                                                             
  align-check TYPE N                        check partition N for TYPE(min|opt) alignment
  help [COMMAND]                           print general help, or help on COMMAND
  mklabel,mktable LABEL-TYPE               create a new disklabel (partition table)
  mkpart PART-TYPE [FS-TYPE] START END     make a partition
  name NUMBER NAME                         name partition NUMBER as NAME
print [devices|free|list,all|NUMBER]     display the partition table, available devices, free space, all found partitions, or a particular partition
quit                                     exit program
rescue START END                         rescue a lost partition near START and END
resizepart NUMBER END                    resize partition NUMBER
rm NUMBER                                delete partition NUMBER
select DEVICE                            choose the device to edit
disk_set FLAG STATE                      change the FLAG on selected device
disk_toggle [FLAG]                       toggle the state of FLAG on selected device
set NUMBER FLAG STATE                    change the FLAG on partition NUMBER
toggle [NUMBER [FLAG]]                   toggle the state of FLAG on partition NUMBER
unit UNIT                                set the default unit to UNIT
version                            display the version number and copyright information of GNU Parted

#首先因为我们这块磁盘没有定义磁盘类型
(parted) print                                                         
Error: /dev/nvme0n2: unrecognised disk label
Model: NVMe Device (nvme)                                                 
Disk /dev/nvme0n2: 21.5GB
Sector size (logical/physical): 512B/512B
Partition Table: unknown

#磁盘报错，因为没有选择磁盘类型  
(parted) mklabel   
New disk label type? msdos

#使用mklabel，把这块磁盘类型变成msdos（MBR） 或者gpt
(parted) print                                                            
Model: NVMe Device (nvme)
Disk /dev/nvme0n2: 21.5GB
Sector size (logical/physical): 512B/512B
Partition Table: msdos
Disk Flags: 

Number  Start  End  Size  Type  File system  Flags
#此时我们已经选好了磁盘类型，print可以查看磁盘的相关配置，接下来可以开始做分区
(parted) mkpart
Partition type?  primary/extended? primary        
File system type?  [ext2]? xfs
Start? 1M             
End? 2048M

#检查分区是否完成
(parted) print                                                            
Model: NVMe Device (nvme)
Disk /dev/nvme0n2: 21.5GB
Sector size (logical/physical): 512B/512B
Partition Table: msdos
Disk Flags: 

Number  Start   End     Size    Type     File system  Flags
 1      1049kB  2048MB  2047MB  primary  xfs          lba

#接着可以创建第二块磁盘
(parted) mkpart 
Partition type?  primary/extended? primary                                
File system type?  [ext2]? ext2                                           
Start? 2049M                                                              
End? 10241M
(parted) print                                                            
Model: NVMe Device (nvme)
Disk /dev/nvme0n2: 21.5GB
Sector size (logical/physical): 512B/512B
Partition Table: msdos
Disk Flags: 

Number  Start   End     Size    Type     File system  Flags
 1      1049kB  2048MB  2047MB  primary
 2      2049MB  10.2GB  8193MB  primary  ext2         lba

#如何删除磁盘
rm  Number  #即可直接把一块分区删除
rm 1
rm 2

quit退出
关于parted操作命令

cp [FROM-DEVICE] FROM-MINOR TO-MINOR     #将文件系统复制到另一个分区 
help [COMMAND]                          #打印通用求助信息，或关于 COMMAND 的信息 
mklabel 标签类型                          #创建新的磁盘标签 (分区表) 
mkfs MINOR 文件系统类型                   #在 MINOR 创建类型为“文件系统类型”的文件系统 
mkpart 分区类型 [文件系统类型] 起始点 终止点   #创建一个分区 
mkpartfs 分区类型 文件系统类型 起始点 终止点   #创建一个带有文件系统的分区 
move MINOR 起始点 终止点                    #移动编号为 MINOR 的分区 
name MINOR 名称                           #将编号为 MINOR 的分区命名为“名称” 
print [MINOR]                            #打印分区表，或者分区 
quit                                     #退出程序 
rescue 起始点 终止点                       #挽救临近“起始点”、“终止点”的遗失的分区 
resize MINOR 起始点 终止点                 #改变位于编号为 MINOR 的分区中文件系统的大小 
rm MINOR                                 #删除编号为 MINOR 的分区 
select 设备                               #选择要编辑的设备 
set MINOR 标志 状态                        #改变编号为 MINOR 的分区的标志

2.3.2 实验二 使用fdisk来做磁盘分区
fdisk不是实时的，最后一定要输入w保存,所以Be careful before using the write command。

 #首先可以fdisk -l  查看所有磁盘的状态
[root@wentan ~]# fdisk -l
# 使用fdisk来创建磁盘
[root@wentan ~]# fdisk /dev/nvme0n2

Welcome to fdisk (util-linux 2.32.1).
Changes will remain in memory only, until you decide to write them.
Be careful before using the write command.

# 输入m来获取命令帮助
# Command (m for help): m
Help:

  DOS (MBR)
   a   toggle a bootable flag
   b   edit nested BSD disklabel
   c   toggle the dos compatibility flag

  Generic
   d   delete a partition
   F   list free unpartitioned space
   l   list known partition types
   n   add a new partition
   p   print the partition table
   t   change a partition type
   v   verify the partition table
   i   print information about a partition

  Misc
   m   print this menu
   u   change display/entry units
   x   extra functionality (experts only)

  Script
   I   load disk layout from sfdisk script file
   O   dump disk layout to sfdisk script file

  Save & Exit
   w   write table to disk and exit
   q   quit without saving changes

  Create a new label
   g   create a new empty GPT partition table
   G   create a new empty SGI (IRIX) partition table
   o   create a new empty DOS partition table
   s   create a new empty Sun partition table

#首先要查看一下目前这块磁盘的分区
# Command (m for help):p
Disk /dev/nvme0n2: 20 GiB, 21474836480 bytes, 41943040 sectors
Units: sectors of 1 * 512 = 512 bytes
Sector size (logical/physical): 512 bytes / 512 bytes
I/O size (minimum/optimal): 512 bytes / 512 bytes
Disklabel type: dos
Disk identifier: 0x3bb7df1a

#接着开始创建分区
# Command (m for help): n
Partition type
   p   primary (0 primary, 0 extended, 4 free)
   e   extended (container for logical partitions)
Select (default p): p
Partition number (1-4, default 1): 1
First sector (2048-41943039, default 2048): 
#这边直接默认,就是从起始位置开始的
Last sector, +sectors or +size{K,M,G,T,P} (2048-41943039, default 41943039): +5G
#这边可以使用+大小的方式，不用计算结束位置
Created a new partition 1 of type 'Linux' and of size 5 GiB.

#检查分区是否创建成功
# Command (m for help): p
Disk /dev/nvme0n2: 20 GiB, 21474836480 bytes, 41943040 sectors
Units: sectors of 1 * 512 = 512 bytes
Sector size (logical/physical): 512 bytes / 512 bytes
I/O size (minimum/optimal): 512 bytes / 512 bytes
Disklabel type: dos
Disk identifier: 0x3bb7df1a

Device         Boot Start      End  Sectors Size Id Type
/dev/nvme0n2p1       2048 10487807 10485760   5G 83 Linux

#分区1已结创建成功，就下来创建一个10G的主分区2
#Command (m for help): n
Partition type
   p   primary (1 primary, 0 extended, 3 free)
   e   extended (container for logical partitions)
Select (default p): p
Partition number (2-4, default 2): 2
First sector (10487808-41943039, default 10487808): 
Last sector, +sectors or +size{K,M,G,T,P} (10487808-41943039, default 41943039): +10G

Created a new partition 2 of type 'Linux' and of size 10 GiB.

#Command (m for help): p
Disk /dev/nvme0n2: 20 GiB, 21474836480 bytes, 41943040 sectors
Units: sectors of 1 * 512 = 512 bytes
Sector size (logical/physical): 512 bytes / 512 bytes
I/O size (minimum/optimal): 512 bytes / 512 bytes
Disklabel type: dos
Disk identifier: 0x3bb7df1a

Device         Boot    Start      End  Sectors Size Id Type
/dev/nvme0n2p1          2048 10487807 10485760   5G 83 Linux
/dev/nvme0n2p2      10487808 31459327 20971520  10G 83 Linux
#分区2也创建成功

#删除分区
#Command (m for help): d
Partition number (1,2, default 2): 2

Partition 2 has been deleted.

#Command (m for help): p
Disk /dev/nvme0n2: 20 GiB, 21474836480 bytes, 41943040 sectors
Units: sectors of 1 * 512 = 512 bytes
Sector size (logical/physical): 512 bytes / 512 bytes
I/O size (minimum/optimal): 512 bytes / 512 bytes
Disklabel type: dos
Disk identifier: 0x3bb7df1a

Device         Boot Start      End  Sectors Size Id Type
/dev/nvme0n2p1       2048 10487807 10485760   5G 83 Linux

#保存
# Command (m for help): w
The partition table has been altered.
Calling ioctl() to re-read partition table.
Syncing disks.

#注意：fdisk是不会把分区直接做成文件系统的，fdisk做出来的分区需要手动做成文件系统

#制作文件系统
[root@wentan ~]# mkfs.ext4 /dev/nvme0n2p1
mke2fs 1.44.3 (10-July-2018)
Creating filesystem with 1310720 4k blocks and 327680 inodes
Filesystem UUID: 80c65106-61fe-4c95-a5f8-00093b4185fb
Superblock backups stored on blocks: 
    32768, 98304, 163840, 229376, 294912, 819200, 884736

Allocating group tables: done                            
Writing inode tables: done                            
Creating journal (16384 blocks): done
Writing superblocks and filesystem accounting information: done 

#我们也可以修改一个分区的文件系统（格式化命令）
#注意：里面所有内容全都没了
[root@wentan ~]# mkfs.xfs -f /dev/nvme0n2p1 
meta-data=/dev/nvme0n2p1         isize=512    agcount=4, agsize=327680 blks
         =                       sectsz=512   attr=2, projid32bit=1
         =                       crc=1        finobt=1, sparse=1, rmapbt=0
         =                       reflink=1
data     =                       bsize=4096   blocks=1310720, imaxpct=25
         =                       sunit=0      swidth=0 blks
naming   =version 2              bsize=4096   ascii-ci=0, ftype=1
log      =internal log           bsize=4096   blocks=2560, version=2
         =                       sectsz=512   sunit=0 blks, lazy-count=1
realtime =none                   extsz=4096   blocks=0, rtextents=0
fdisk命令中的参数以及作用

参数	作用
m	查看全部可用的参数
n	添加新的分区
d	删除某个分区信息
l	列出所有可用的分区类型
t	改变某个分区的类型
p	查看分区信息
w	保存并退出
q	不保存直接退出